ok - fm-lint.sh --help reports the complete executable interface
ok - fm-lint.sh --list-files reports the complete shell inventory
ok - two canonical lint partitions preserve complete source-aware coverage and reject weakened modes
ok - fm-lint.sh --fast disables ShellCheck extended analysis
ok - fm-lint.sh keeps full ShellCheck analysis by default in CI
ok - fm-lint.sh rejects explicit --fast mode in CI
ok - fm-lint.sh --fast catches an ordinary shell lint defect
ok - fm-lint.sh pins an explicit ShellCheck version (0.11.0)
ok - ShellCheck installer retries a transient download failure
ok - ShellCheck installer selects the official archive, URL, and checksum per OS/arch
ok - ShellCheck installer rejects a wrong checksum
ok - ShellCheck installer falls back to shasum -a 256 when sha256sum is absent
ok - ShellCheck installer prefers sha256sum when both hashers are present
ok - ShellCheck installer rejects an unsupported OS or architecture
ok - missing ShellCheck fails closed
ok - fm-lint.sh refuses to lint under a non-pinned ShellCheck version
ok - fm-lint.sh catches a real lint defect the old no-op gate passed
ok - fm-lint.sh rejects direct Beads CLI invocations in firstmate core
ok - fm-lint.sh enforces backend purity for explicit core paths
ok - fm-lint.sh ignores ambient ShellCheck options
ok - fm-lint.sh passes a clean fixture
ok - jobs=1 and jobs=2 preserve deterministic diagnostics, failures, cleanup bounds, and quiet telemetry
ok - jobs=1 and jobs=2 stop complete worker trees with and without telemetry
ok - seeded dispatcher, adapter, production-owner, and test-local diagnostics preserve parity
ok - fm-lint.sh changed mode lints only the changed canonical file
ok - fm-lint.sh forces a full lint in CI even when the local diff would be empty
ok - fm-lint.sh forces a full lint when HEAD is on main
ok - fm-lint.sh explicit paths bypass changed-file mode selection
ok - fm-lint.sh exits 0 with a note when the local branch has no changed lint targets
ok - fm-lint.sh --list-files reports the would-be changed set in changed mode
ok - fm-lint.sh changed mode drops source following and excludes cross-file codes
ok - fm-lint.sh changed mode invokes ShellCheck once per root
ok - fm-lint.sh CI keeps source following without the local exclusion list
ok - fm-lint.sh on main keeps source following without the local exclusion list
ok - fm-lint.sh without a merge-base keeps source following without the local exclusion list
ok - fm-lint.sh explicit paths keep source following
ok - fm-lint.sh --fast on a local branch keeps source following
ok - fm-lint.sh changed mode excludes cross-file codes that explicit paths still report
ok - local exclusion list covers every no-external-sources ShellCheck code
