$ bash bin/fm-lab-home.sh create /home/marco/.no-mistakes/worktrees/596146266ea5/01M3S04H65YKP92MK1W93YZZM7/.timeout-live.w9hc5ht4/lab
{"stdout": "/home/marco/.no-mistakes/worktrees/596146266ea5/01M3S04H65YKP92MK1W93YZZM7/.timeout-live.w9hc5ht4/lab\n", "stderr": "", "status": 0, "elapsed_s": 0.007}

SCENARIO: Real backlog mutation/list through bounded consumer with BASHPID absent
$ bash bin/fm-tasks-axi.sh add timeout-proof Portable bounded task --kind ship --repo timeout-lab
{"stdout": "ok: added timeout-proof (ship, repo timeout-lab) -> Queued\ntask:\n  id: timeout-proof\n  title: Portable bounded task\n  state: queued\n  blocked: no\n  blocked_by: none\n  held: no\n  hold_reason: \"-\"\n  hold_kind: \"-\"\n  hold_until: \"-\"\n  kind: ship\n  repo: timeout-lab\n  priority: \"-\"\n  created: 2026-09-30\n  closed: \"-\"\n  deps: none\n  links: none\n  body: \"\"\nhelp[2]:\n  - Run `tasks-axi start timeout-proof` to move it to in flight\n  - Run `tasks-axi block timeout-proof --by <other>` to record a dependency\n", "stderr": "", "status": 0, "elapsed_s": 0.069}
$ bash -u -c unset BASHPID
. "$1/bin/fm-backlog-transition-lib.sh"
fm_backlog_row_list "$2/data"
fm_backlog_start "$2/data" timeout-proof || exit $?
fm_backlog_row_list "$2/data" --state in_flight
 _ /home/marco/.no-mistakes/worktrees/596146266ea5/01M3S04H65YKP92MK1W93YZZM7 /home/marco/.no-mistakes/worktrees/596146266ea5/01M3S04H65YKP92MK1W93YZZM7/.timeout-live.w9hc5ht4/lab
{"stdout": "", "stderr": "/home/marco/.no-mistakes/worktrees/596146266ea5/01M3S04H65YKP92MK1W93YZZM7/bin/fm-backlog-transition-lib.sh: line 270: fm_tasks_axi_backend: command not found\n", "status": 2, "elapsed_s": 0.031}
Traceback (most recent call last):
  File "/home/marco/.no-mistakes/evidence/01M3S04H65YKP92MK1W93YZZM7/runtime-probes.py", line 62, in <module>
        run(['bash', '-u', '-c', '''unset BASHPID
        ~~~^^^^^^^^^^^^^^^^^^^^^^^^^^^^^^^^^^^^^^
    . "$1/bin/fm-backlog-transition-lib.sh"
    ^^^^^^^^^^^^^^^^^^^^^^^^^^^^^^^^^^^^^^^
    ...<2 lines>...
    fm_backlog_row_list "$2/data" --state in_flight
    ^^^^^^^^^^^^^^^^^^^^^^^^^^^^^^^^^^^^^^^^^^^^^^^
    ''', '_', str(ROOT), str(lab)], env=env)
    ^^^^^^^^^^^^^^^^^^^^^^^^^^^^^^^^^^^^^^^^
  File "/home/marco/.no-mistakes/evidence/01M3S04H65YKP92MK1W93YZZM7/runtime-probes.py", line 28, in run
    assert p.returncode == expected, (p.returncode, expected)
           ^^^^^^^^^^^^^^^^^^^^^^^^
AssertionError: (2, 0)
