FM_TEST_BEGIN 2026-10-09T10:33:37Z tests/fm-brief.test.sh family=pure-contract-unit expected_gate_skip=none
FM_TEST_BEGIN 2026-10-09T10:33:37Z tests/fm-cd-pretool-check.test.sh family=pure-contract-unit expected_gate_skip=none
FM_TEST_BEGIN 2026-10-09T10:33:38Z tests/fm-pr-merge.test.sh family=pr-forge expected_gate_skip=none
FM_TEST_BEGIN 2026-10-09T10:33:38Z tests/fm-supervision-instructions.test.sh family=pure-contract-unit expected_gate_skip=none
script pid=28879 qos=0x11
FM_TEST_END 2026-10-09T10:33:40Z tests/fm-supervision-instructions.test.sh exit=0 duration_ms=2629 gate_skip=false
script pid=34815 qos=0x11
FM_TEST_END 2026-10-09T10:33:44Z tests/fm-pr-merge.test.sh exit=0 duration_ms=6399 gate_skip=false
script pid=39663 qos=0x11
FM_TEST_END 2026-10-09T10:33:46Z tests/fm-brief.test.sh exit=0 duration_ms=8706 gate_skip=false
script pid=41822 qos=0x11
FM_TEST_END 2026-10-09T10:33:48Z tests/fm-cd-pretool-check.test.sh exit=0 duration_ms=9829 gate_skip=false
FM_TEST_SUMMARY total=4 failed=0 skipped_gate=0 duration_ms=10828
FM_TEST_SUMMARY_FAMILY family=pr-forge count=1 duration_ms=6399 failed=0
FM_TEST_SUMMARY_FAMILY family=pure-contract-unit count=3 duration_ms=21164 failed=0
FM_TEST_SLOWEST rank=1 script=tests/fm-cd-pretool-check.test.sh duration_ms=9829
FM_TEST_SLOWEST rank=2 script=tests/fm-brief.test.sh duration_ms=8706
FM_TEST_SLOWEST rank=3 script=tests/fm-pr-merge.test.sh duration_ms=6399
FM_TEST_SLOWEST rank=4 script=tests/fm-supervision-instructions.test.sh duration_ms=2629
fm-test-run: wrote timing artifact: /Users/yelen/.no-mistakes/evidence/01M4FX8WGTCAVF0NABDEZP63VV/concurrent-2.json
